2025-05-23 09:28:14 +03:00 [INF] (Microsoft.AspNetCore.DataProtection.KeyManagement.XmlKeyManager) User profile is available. Using 'C:\Users\hwokwera\AppData\Local\ASP.NET\DataProtection-Keys' as key repository and Windows DPAPI to encrypt keys at rest.
2025-05-23 09:28:17 +03:00 [INF] (Microsoft.Hosting.Lifetime) Now listening on: https://localhost:7170
2025-05-23 09:28:17 +03:00 [INF] (Microsoft.Hosting.Lifetime) Now listening on: http://localhost:5099
2025-05-23 09:28:17 +03:00 [INF] (Microsoft.AspNetCore.Mvc.Infrastructure.DefaultActionDescriptorCollectionProvider) No action descriptors found. This may indicate an incorrectly configured application or missing application parts. To learn more, visit https://aka.ms/aspnet/mvc/app-parts
2025-05-23 09:28:17 +03:00 [INF] (Microsoft.Hosting.Lifetime) Application started. Press Ctrl+C to shut down.
2025-05-23 09:28:17 +03:00 [INF] (Microsoft.Hosting.Lifetime) Hosting environment: Development
2025-05-23 09:28:17 +03:00 [INF] (Microsoft.Hosting.Lifetime) Content root path: D:\system\core\Emata\Emata.API
2025-05-23 09:28:20 +03:00 [INF] (Microsoft.AspNetCore.Hosting.Diagnostics) Request starting HTTP/2 GET https://localhost:7170/swagger - null null
2025-05-23 09:28:21 +03:00 [INF] (Microsoft.AspNetCore.Hosting.Diagnostics) Request finished HTTP/2 GET https://localhost:7170/swagger - 302 0 null 402.7452ms
2025-05-23 09:28:21 +03:00 [INF] (Microsoft.AspNetCore.Hosting.Diagnostics) Request starting HTTP/2 GET https://localhost:7170/swagger/index.html - null null
2025-05-23 09:28:21 +03:00 [INF] (Microsoft.AspNetCore.Hosting.Diagnostics) Request finished HTTP/2 GET https://localhost:7170/swagger/index.html - 200 null text/html; charset=utf-8 45.9227ms
2025-05-23 09:28:21 +03:00 [INF] (Microsoft.AspNetCore.Hosting.Diagnostics) Request starting HTTP/2 GET https://localhost:7170/_framework/aspnetcore-browser-refresh.js - null null
2025-05-23 09:28:21 +03:00 [INF] (Microsoft.AspNetCore.Hosting.Diagnostics) Request finished HTTP/2 GET https://localhost:7170/_framework/aspnetcore-browser-refresh.js - 200 16503 application/javascript; charset=utf-8 20.7459ms
2025-05-23 09:28:21 +03:00 [INF] (Microsoft.AspNetCore.Hosting.Diagnostics) Request starting HTTP/2 GET https://localhost:7170/_vs/browserLink - null null
2025-05-23 09:28:21 +03:00 [INF] (Microsoft.AspNetCore.Hosting.Diagnostics) Request finished HTTP/2 GET https://localhost:7170/_vs/browserLink - 200 null text/javascript; charset=UTF-8 105.3478ms
2025-05-23 09:28:21 +03:00 [INF] (Microsoft.AspNetCore.Hosting.Diagnostics) Request starting HTTP/2 GET https://localhost:7170/swagger/v1/swagger.json - null null
2025-05-23 09:28:22 +03:00 [INF] (Microsoft.AspNetCore.Hosting.Diagnostics) Request finished HTTP/2 GET https://localhost:7170/swagger/v1/swagger.json - 200 null application/json; charset=utf-8 147.3062ms
2025-05-23 09:28:37 +03:00 [INF] (Microsoft.AspNetCore.Hosting.Diagnostics) Request starting HTTP/2 POST https://localhost:7170/api/Session/start-test-session - null 0
2025-05-23 09:28:38 +03:00 [INF] (Microsoft.AspNetCore.Cors.Infrastructure.CorsService) CORS policy execution successful.
2025-05-23 09:28:38 +03:00 [INF] (Microsoft.AspNetCore.Routing.EndpointMiddleware) Executing endpoint 'HTTP: POST /api/session/start-test-session'
2025-05-23 09:28:41 +03:00 [WRN] (Microsoft.EntityFrameworkCore.Model.Validation) The property 'Question.Options' is a collection or enumeration type with a value converter but with no value comparer. Set a value comparer to ensure the collection/enumeration elements are compared correctly.
2025-05-23 09:28:44 +03:00 [INF] (Microsoft.EntityFrameworkCore.Database.Command) Executed DbCommand (99ms) [Parameters=[], CommandType='"Text"', CommandTimeout='30']
SELECT q."Id", q."Category", q."CorrectOptionIndex", q."DifficultyLevel", q."Options", q."Text"
FROM "Questions" AS q
ORDER BY q."Id"
2025-05-23 09:28:45 +03:00 [INF] (Microsoft.EntityFrameworkCore.Database.Command) Executed DbCommand (100ms) [Parameters=[@p0='?' (DbType = Guid), @p1='?' (DbType = Boolean), @p2='?' (DbType = DateTime), @p3='?', @p4='?' (DbType = Guid), @p5='?' (DbType = Int32), @p6='?' (DbType = Guid), @p7='?' (DbType = Guid), @p8='?' (DbType = Guid), @p9='?' (DbType = Int32), @p10='?' (DbType = Guid), @p11='?' (DbType = Guid), @p12='?' (DbType = Guid), @p13='?' (DbType = Int32), @p14='?' (DbType = Guid), @p15='?' (DbType = Guid)], CommandType='"Text"', CommandTimeout='30']
INSERT INTO "TestSessions" ("Id", "IsCompleted", "StartTime", "UserAnswersJson")
VALUES (@p0, @p1, @p2, @p3);
INSERT INTO "TestSessionQuestions" ("Id", "OrderIndex", "QuestionId", "SessionId")
VALUES (@p4, @p5, @p6, @p7);
INSERT INTO "TestSessionQuestions" ("Id", "OrderIndex", "QuestionId", "SessionId")
VALUES (@p8, @p9, @p10, @p11);
INSERT INTO "TestSessionQuestions" ("Id", "OrderIndex", "QuestionId", "SessionId")
VALUES (@p12, @p13, @p14, @p15);
2025-05-23 09:28:45 +03:00 [INF] (Emata.API.Services.TestSessionService) Created new test session: fda02907-abe3-4f75-8ad4-2ceb1ec74f2a
2025-05-23 09:28:45 +03:00 [INF] (Emata.API.Endpoints.SessionEndPoint) Starting new test session: fda02907-abe3-4f75-8ad4-2ceb1ec74f2a
2025-05-23 09:28:45 +03:00 [INF] (Microsoft.AspNetCore.Http.Result.OkObjectResult) Setting HTTP status code 200.
2025-05-23 09:28:45 +03:00 [INF] (Microsoft.AspNetCore.Http.Result.OkObjectResult) Writing value of type 'TestSessionDTO' as Json.
2025-05-23 09:28:45 +03:00 [INF] (Microsoft.AspNetCore.Routing.EndpointMiddleware) Executed endpoint 'HTTP: POST /api/session/start-test-session'
2025-05-23 09:28:45 +03:00 [INF] (Microsoft.AspNetCore.Hosting.Diagnostics) Request finished HTTP/2 POST https://localhost:7170/api/Session/start-test-session - 200 null application/json; charset=utf-8 7501.6875ms
2025-05-23 09:28:52 +03:00 [INF] (Microsoft.AspNetCore.Hosting.Diagnostics) Request starting HTTP/2 OPTIONS https://localhost:7170/api/Session/submit-answer - null null
2025-05-23 09:28:52 +03:00 [INF] (Microsoft.AspNetCore.Cors.Infrastructure.CorsService) CORS policy execution successful.
2025-05-23 09:28:52 +03:00 [INF] (Microsoft.AspNetCore.Hosting.Diagnostics) Request finished HTTP/2 OPTIONS https://localhost:7170/api/Session/submit-answer - 204 null null 8.874ms
2025-05-23 09:28:52 +03:00 [INF] (Microsoft.AspNetCore.Hosting.Diagnostics) Request starting HTTP/2 POST https://localhost:7170/api/Session/submit-answer - application/json; charset=utf-8 128
2025-05-23 09:28:52 +03:00 [INF] (Microsoft.AspNetCore.Cors.Infrastructure.CorsService) CORS policy execution successful.
2025-05-23 09:28:52 +03:00 [INF] (Microsoft.AspNetCore.Routing.EndpointMiddleware) Executing endpoint 'HTTP: POST /api/session/submit-answer'
2025-05-23 09:28:52 +03:00 [INF] (Emata.API.Endpoints.SessionEndPoint) Submitting answer for session fda02907-abe3-4f75-8ad4-2ceb1ec74f2a, question 53f6a56b-e80b-4992-8168-0e14710e6c6d: 0
2025-05-23 09:28:53 +03:00 [INF] (Microsoft.EntityFrameworkCore.Database.Command) Executed DbCommand (8ms) [Parameters=[@__sessionId_0='?' (DbType = Guid)], CommandType='"Text"', CommandTimeout='30']
SELECT t0."Id", t0."IsCompleted", t0."StartTime", t0."UserAnswersJson", t1."Id", t1."OrderIndex", t1."QuestionId", t1."SessionId", t1."Id0", t1."Category", t1."CorrectOptionIndex", t1."DifficultyLevel", t1."Options", t1."Text"
FROM (
    SELECT t."Id", t."IsCompleted", t."StartTime", t."UserAnswersJson"
    FROM "TestSessions" AS t
    WHERE t."Id" = @__sessionId_0
    LIMIT 1
) AS t0
LEFT JOIN (
    SELECT t2."Id", t2."OrderIndex", t2."QuestionId", t2."SessionId", q."Id" AS "Id0", q."Category", q."CorrectOptionIndex", q."DifficultyLevel", q."Options", q."Text"
    FROM "TestSessionQuestions" AS t2
    INNER JOIN "Questions" AS q ON t2."QuestionId" = q."Id"
) AS t1 ON t0."Id" = t1."SessionId"
ORDER BY t0."Id", t1."Id"
2025-05-23 09:28:53 +03:00 [INF] (Microsoft.EntityFrameworkCore.Database.Command) Executed DbCommand (11ms) [Parameters=[@p1='?' (DbType = Guid), @p0='?'], CommandType='"Text"', CommandTimeout='30']
UPDATE "TestSessions" SET "UserAnswersJson" = @p0
WHERE "Id" = @p1;
2025-05-23 09:28:53 +03:00 [INF] (Emata.API.Services.TestSessionService) Answer submitted for session fda02907-abe3-4f75-8ad4-2ceb1ec74f2a, question 53f6a56b-e80b-4992-8168-0e14710e6c6d: 0
2025-05-23 09:28:53 +03:00 [INF] (Microsoft.AspNetCore.Http.Result.OkObjectResult) Setting HTTP status code 200.
2025-05-23 09:28:53 +03:00 [INF] (Microsoft.AspNetCore.Routing.EndpointMiddleware) Executed endpoint 'HTTP: POST /api/session/submit-answer'
2025-05-23 09:28:53 +03:00 [INF] (Microsoft.AspNetCore.Hosting.Diagnostics) Request finished HTTP/2 POST https://localhost:7170/api/Session/submit-answer - 200 0 null 566.6188ms
2025-05-23 09:28:59 +03:00 [INF] (Microsoft.AspNetCore.Hosting.Diagnostics) Request starting HTTP/2 OPTIONS https://localhost:7170/api/Session/submit-answer - null null
2025-05-23 09:28:59 +03:00 [INF] (Microsoft.AspNetCore.Cors.Infrastructure.CorsService) CORS policy execution successful.
2025-05-23 09:28:59 +03:00 [INF] (Microsoft.AspNetCore.Hosting.Diagnostics) Request finished HTTP/2 OPTIONS https://localhost:7170/api/Session/submit-answer - 204 null null 2.7523ms
2025-05-23 09:28:59 +03:00 [INF] (Microsoft.AspNetCore.Hosting.Diagnostics) Request starting HTTP/2 POST https://localhost:7170/api/Session/submit-answer - application/json; charset=utf-8 128
2025-05-23 09:28:59 +03:00 [INF] (Microsoft.AspNetCore.Cors.Infrastructure.CorsService) CORS policy execution successful.
2025-05-23 09:28:59 +03:00 [INF] (Microsoft.AspNetCore.Routing.EndpointMiddleware) Executing endpoint 'HTTP: POST /api/session/submit-answer'
2025-05-23 09:28:59 +03:00 [INF] (Emata.API.Endpoints.SessionEndPoint) Submitting answer for session fda02907-abe3-4f75-8ad4-2ceb1ec74f2a, question 2d9dd2d0-25ce-47b4-9a2c-c6adb9024b61: 1
2025-05-23 09:28:59 +03:00 [INF] (Microsoft.EntityFrameworkCore.Database.Command) Executed DbCommand (3ms) [Parameters=[@__sessionId_0='?' (DbType = Guid)], CommandType='"Text"', CommandTimeout='30']
SELECT t0."Id", t0."IsCompleted", t0."StartTime", t0."UserAnswersJson", t1."Id", t1."OrderIndex", t1."QuestionId", t1."SessionId", t1."Id0", t1."Category", t1."CorrectOptionIndex", t1."DifficultyLevel", t1."Options", t1."Text"
FROM (
    SELECT t."Id", t."IsCompleted", t."StartTime", t."UserAnswersJson"
    FROM "TestSessions" AS t
    WHERE t."Id" = @__sessionId_0
    LIMIT 1
) AS t0
LEFT JOIN (
    SELECT t2."Id", t2."OrderIndex", t2."QuestionId", t2."SessionId", q."Id" AS "Id0", q."Category", q."CorrectOptionIndex", q."DifficultyLevel", q."Options", q."Text"
    FROM "TestSessionQuestions" AS t2
    INNER JOIN "Questions" AS q ON t2."QuestionId" = q."Id"
) AS t1 ON t0."Id" = t1."SessionId"
ORDER BY t0."Id", t1."Id"
2025-05-23 09:28:59 +03:00 [INF] (Microsoft.EntityFrameworkCore.Database.Command) Executed DbCommand (3ms) [Parameters=[@p1='?' (DbType = Guid), @p0='?'], CommandType='"Text"', CommandTimeout='30']
UPDATE "TestSessions" SET "UserAnswersJson" = @p0
WHERE "Id" = @p1;
2025-05-23 09:28:59 +03:00 [INF] (Emata.API.Services.TestSessionService) Answer submitted for session fda02907-abe3-4f75-8ad4-2ceb1ec74f2a, question 2d9dd2d0-25ce-47b4-9a2c-c6adb9024b61: 1
2025-05-23 09:28:59 +03:00 [INF] (Microsoft.AspNetCore.Http.Result.OkObjectResult) Setting HTTP status code 200.
2025-05-23 09:28:59 +03:00 [INF] (Microsoft.AspNetCore.Routing.EndpointMiddleware) Executed endpoint 'HTTP: POST /api/session/submit-answer'
2025-05-23 09:28:59 +03:00 [INF] (Microsoft.AspNetCore.Hosting.Diagnostics) Request finished HTTP/2 POST https://localhost:7170/api/Session/submit-answer - 200 0 null 212.7732ms
2025-05-23 09:29:04 +03:00 [INF] (Microsoft.AspNetCore.Hosting.Diagnostics) Request starting HTTP/2 OPTIONS https://localhost:7170/api/Session/submit-answer - null null
2025-05-23 09:29:04 +03:00 [INF] (Microsoft.AspNetCore.Cors.Infrastructure.CorsService) CORS policy execution successful.
2025-05-23 09:29:04 +03:00 [INF] (Microsoft.AspNetCore.Hosting.Diagnostics) Request finished HTTP/2 OPTIONS https://localhost:7170/api/Session/submit-answer - 204 null null 3.7445ms
2025-05-23 09:29:04 +03:00 [INF] (Microsoft.AspNetCore.Hosting.Diagnostics) Request starting HTTP/2 POST https://localhost:7170/api/Session/submit-answer - application/json; charset=utf-8 128
2025-05-23 09:29:04 +03:00 [INF] (Microsoft.AspNetCore.Cors.Infrastructure.CorsService) CORS policy execution successful.
2025-05-23 09:29:04 +03:00 [INF] (Microsoft.AspNetCore.Routing.EndpointMiddleware) Executing endpoint 'HTTP: POST /api/session/submit-answer'
2025-05-23 09:29:04 +03:00 [INF] (Emata.API.Endpoints.SessionEndPoint) Submitting answer for session fda02907-abe3-4f75-8ad4-2ceb1ec74f2a, question cce917bd-c030-4281-9538-7bd8a88440e5: 1
2025-05-23 09:29:04 +03:00 [INF] (Microsoft.EntityFrameworkCore.Database.Command) Executed DbCommand (4ms) [Parameters=[@__sessionId_0='?' (DbType = Guid)], CommandType='"Text"', CommandTimeout='30']
SELECT t0."Id", t0."IsCompleted", t0."StartTime", t0."UserAnswersJson", t1."Id", t1."OrderIndex", t1."QuestionId", t1."SessionId", t1."Id0", t1."Category", t1."CorrectOptionIndex", t1."DifficultyLevel", t1."Options", t1."Text"
FROM (
    SELECT t."Id", t."IsCompleted", t."StartTime", t."UserAnswersJson"
    FROM "TestSessions" AS t
    WHERE t."Id" = @__sessionId_0
    LIMIT 1
) AS t0
LEFT JOIN (
    SELECT t2."Id", t2."OrderIndex", t2."QuestionId", t2."SessionId", q."Id" AS "Id0", q."Category", q."CorrectOptionIndex", q."DifficultyLevel", q."Options", q."Text"
    FROM "TestSessionQuestions" AS t2
    INNER JOIN "Questions" AS q ON t2."QuestionId" = q."Id"
) AS t1 ON t0."Id" = t1."SessionId"
ORDER BY t0."Id", t1."Id"
2025-05-23 09:29:04 +03:00 [INF] (Microsoft.EntityFrameworkCore.Database.Command) Executed DbCommand (5ms) [Parameters=[@p1='?' (DbType = Guid), @p0='?'], CommandType='"Text"', CommandTimeout='30']
UPDATE "TestSessions" SET "UserAnswersJson" = @p0
WHERE "Id" = @p1;
2025-05-23 09:29:04 +03:00 [INF] (Emata.API.Services.TestSessionService) Answer submitted for session fda02907-abe3-4f75-8ad4-2ceb1ec74f2a, question cce917bd-c030-4281-9538-7bd8a88440e5: 1
2025-05-23 09:29:04 +03:00 [INF] (Microsoft.AspNetCore.Http.Result.OkObjectResult) Setting HTTP status code 200.
2025-05-23 09:29:04 +03:00 [INF] (Microsoft.AspNetCore.Routing.EndpointMiddleware) Executed endpoint 'HTTP: POST /api/session/submit-answer'
2025-05-23 09:29:04 +03:00 [INF] (Microsoft.AspNetCore.Hosting.Diagnostics) Request finished HTTP/2 POST https://localhost:7170/api/Session/submit-answer - 200 0 null 28.9899ms
2025-05-23 09:29:24 +03:00 [INF] (Microsoft.AspNetCore.Hosting.Diagnostics) Request starting HTTP/2 POST https://localhost:7170/api/Session/finish-test-session/fda02907-abe3-4f75-8ad4-2ceb1ec74f2a - null 0
2025-05-23 09:29:24 +03:00 [INF] (Microsoft.AspNetCore.Cors.Infrastructure.CorsService) CORS policy execution successful.
2025-05-23 09:29:24 +03:00 [INF] (Microsoft.AspNetCore.Routing.EndpointMiddleware) Executing endpoint 'HTTP: POST /api/session/finish-test-session/{sessionId}'
2025-05-23 09:29:24 +03:00 [INF] (Emata.API.Endpoints.SessionEndPoint) Finishing test session: fda02907-abe3-4f75-8ad4-2ceb1ec74f2a
2025-05-23 09:29:24 +03:00 [INF] (Microsoft.EntityFrameworkCore.Database.Command) Executed DbCommand (11ms) [Parameters=[@__sessionId_0='?' (DbType = Guid)], CommandType='"Text"', CommandTimeout='30']
SELECT t."Id", t."CompletedAt", t."CorrectAnswers", t."SessionId", t."TimeTaken", t."TotalQuestions", t0."Id", t0."IsCompleted", t0."StartTime", t0."UserAnswersJson"
FROM "TestResults" AS t
INNER JOIN "TestSessions" AS t0 ON t."SessionId" = t0."Id"
WHERE t."SessionId" = @__sessionId_0
LIMIT 1
2025-05-23 09:29:24 +03:00 [INF] (Microsoft.EntityFrameworkCore.Database.Command) Executed DbCommand (4ms) [Parameters=[@__sessionId_0='?' (DbType = Guid)], CommandType='"Text"', CommandTimeout='30']
SELECT t0."Id", t0."IsCompleted", t0."StartTime", t0."UserAnswersJson", t1."Id", t1."OrderIndex", t1."QuestionId", t1."SessionId", t1."Id0", t1."Category", t1."CorrectOptionIndex", t1."DifficultyLevel", t1."Options", t1."Text"
FROM (
    SELECT t."Id", t."IsCompleted", t."StartTime", t."UserAnswersJson"
    FROM "TestSessions" AS t
    WHERE t."Id" = @__sessionId_0
    LIMIT 1
) AS t0
LEFT JOIN (
    SELECT t2."Id", t2."OrderIndex", t2."QuestionId", t2."SessionId", q."Id" AS "Id0", q."Category", q."CorrectOptionIndex", q."DifficultyLevel", q."Options", q."Text"
    FROM "TestSessionQuestions" AS t2
    INNER JOIN "Questions" AS q ON t2."QuestionId" = q."Id"
) AS t1 ON t0."Id" = t1."SessionId"
ORDER BY t0."Id", t1."Id"
2025-05-23 09:29:24 +03:00 [INF] (Microsoft.EntityFrameworkCore.Database.Command) Executed DbCommand (5ms) [Parameters=[@p0='?' (DbType = Guid), @p1='?' (DbType = DateTime), @p2='?' (DbType = Int32), @p3='?' (DbType = Guid), @p4='?' (DbType = Object), @p5='?' (DbType = Int32), @p7='?' (DbType = Guid), @p6='?' (DbType = Boolean)], CommandType='"Text"', CommandTimeout='30']
INSERT INTO "TestResults" ("Id", "CompletedAt", "CorrectAnswers", "SessionId", "TimeTaken", "TotalQuestions")
VALUES (@p0, @p1, @p2, @p3, @p4, @p5);
UPDATE "TestSessions" SET "IsCompleted" = @p6
WHERE "Id" = @p7;
2025-05-23 09:29:24 +03:00 [INF] (Emata.API.Services.TestSessionService) Test completed for session fda02907-abe3-4f75-8ad4-2ceb1ec74f2a. Score: 66.67%, Time: 00:00:40.2667210
2025-05-23 09:29:24 +03:00 [INF] (Microsoft.AspNetCore.Http.Result.OkObjectResult) Setting HTTP status code 200.
2025-05-23 09:29:24 +03:00 [INF] (Microsoft.AspNetCore.Http.Result.OkObjectResult) Writing value of type 'TestResultDTO' as Json.
2025-05-23 09:29:25 +03:00 [INF] (Microsoft.AspNetCore.Routing.EndpointMiddleware) Executed endpoint 'HTTP: POST /api/session/finish-test-session/{sessionId}'
2025-05-23 09:29:25 +03:00 [INF] (Microsoft.AspNetCore.Hosting.Diagnostics) Request finished HTTP/2 POST https://localhost:7170/api/Session/finish-test-session/fda02907-abe3-4f75-8ad4-2ceb1ec74f2a - 200 null application/json; charset=utf-8 176.8964ms
2025-05-23 09:29:25 +03:00 [INF] (Microsoft.AspNetCore.Hosting.Diagnostics) Request starting HTTP/2 POST https://localhost:7170/api/Session/finish-test-session/fda02907-abe3-4f75-8ad4-2ceb1ec74f2a - null 0
2025-05-23 09:29:25 +03:00 [INF] (Microsoft.AspNetCore.Cors.Infrastructure.CorsService) CORS policy execution successful.
2025-05-23 09:29:25 +03:00 [INF] (Microsoft.AspNetCore.Routing.EndpointMiddleware) Executing endpoint 'HTTP: POST /api/session/finish-test-session/{sessionId}'
2025-05-23 09:29:25 +03:00 [INF] (Emata.API.Endpoints.SessionEndPoint) Finishing test session: fda02907-abe3-4f75-8ad4-2ceb1ec74f2a
2025-05-23 09:29:25 +03:00 [INF] (Microsoft.EntityFrameworkCore.Database.Command) Executed DbCommand (2ms) [Parameters=[@__sessionId_0='?' (DbType = Guid)], CommandType='"Text"', CommandTimeout='30']
SELECT t."Id", t."CompletedAt", t."CorrectAnswers", t."SessionId", t."TimeTaken", t."TotalQuestions", t0."Id", t0."IsCompleted", t0."StartTime", t0."UserAnswersJson"
FROM "TestResults" AS t
INNER JOIN "TestSessions" AS t0 ON t."SessionId" = t0."Id"
WHERE t."SessionId" = @__sessionId_0
LIMIT 1
2025-05-23 09:29:25 +03:00 [INF] (Emata.API.Services.TestSessionService) Session fda02907-abe3-4f75-8ad4-2ceb1ec74f2a already completed. Score: 66.67%
2025-05-23 09:29:25 +03:00 [INF] (Microsoft.AspNetCore.Http.Result.OkObjectResult) Setting HTTP status code 200.
2025-05-23 09:29:25 +03:00 [INF] (Microsoft.AspNetCore.Http.Result.OkObjectResult) Writing value of type 'TestResultDTO' as Json.
2025-05-23 09:29:25 +03:00 [INF] (Microsoft.AspNetCore.Routing.EndpointMiddleware) Executed endpoint 'HTTP: POST /api/session/finish-test-session/{sessionId}'
2025-05-23 09:29:25 +03:00 [INF] (Microsoft.AspNetCore.Hosting.Diagnostics) Request finished HTTP/2 POST https://localhost:7170/api/Session/finish-test-session/fda02907-abe3-4f75-8ad4-2ceb1ec74f2a - 200 null application/json; charset=utf-8 15.7771ms
2025-05-23 09:29:41 +03:00 [INF] (Microsoft.AspNetCore.Hosting.Diagnostics) Request starting HTTP/2 POST https://localhost:7170/api/Session/start-test-session - null 0
2025-05-23 09:29:41 +03:00 [INF] (Microsoft.AspNetCore.Cors.Infrastructure.CorsService) CORS policy execution successful.
2025-05-23 09:29:41 +03:00 [INF] (Microsoft.AspNetCore.Routing.EndpointMiddleware) Executing endpoint 'HTTP: POST /api/session/start-test-session'
2025-05-23 09:29:41 +03:00 [INF] (Microsoft.EntityFrameworkCore.Database.Command) Executed DbCommand (1ms) [Parameters=[], CommandType='"Text"', CommandTimeout='30']
SELECT q."Id", q."Category", q."CorrectOptionIndex", q."DifficultyLevel", q."Options", q."Text"
FROM "Questions" AS q
ORDER BY q."Id"
2025-05-23 09:29:41 +03:00 [INF] (Microsoft.EntityFrameworkCore.Database.Command) Executed DbCommand (2ms) [Parameters=[@p0='?' (DbType = Guid), @p1='?' (DbType = Boolean), @p2='?' (DbType = DateTime), @p3='?', @p4='?' (DbType = Guid), @p5='?' (DbType = Int32), @p6='?' (DbType = Guid), @p7='?' (DbType = Guid), @p8='?' (DbType = Guid), @p9='?' (DbType = Int32), @p10='?' (DbType = Guid), @p11='?' (DbType = Guid), @p12='?' (DbType = Guid), @p13='?' (DbType = Int32), @p14='?' (DbType = Guid), @p15='?' (DbType = Guid)], CommandType='"Text"', CommandTimeout='30']
INSERT INTO "TestSessions" ("Id", "IsCompleted", "StartTime", "UserAnswersJson")
VALUES (@p0, @p1, @p2, @p3);
INSERT INTO "TestSessionQuestions" ("Id", "OrderIndex", "QuestionId", "SessionId")
VALUES (@p4, @p5, @p6, @p7);
INSERT INTO "TestSessionQuestions" ("Id", "OrderIndex", "QuestionId", "SessionId")
VALUES (@p8, @p9, @p10, @p11);
INSERT INTO "TestSessionQuestions" ("Id", "OrderIndex", "QuestionId", "SessionId")
VALUES (@p12, @p13, @p14, @p15);
2025-05-23 09:29:41 +03:00 [INF] (Emata.API.Services.TestSessionService) Created new test session: 5d6a1cb5-e8db-4a38-aeb2-0486024ab45f
2025-05-23 09:29:41 +03:00 [INF] (Emata.API.Endpoints.SessionEndPoint) Starting new test session: 5d6a1cb5-e8db-4a38-aeb2-0486024ab45f
2025-05-23 09:29:41 +03:00 [INF] (Microsoft.AspNetCore.Http.Result.OkObjectResult) Setting HTTP status code 200.
2025-05-23 09:29:41 +03:00 [INF] (Microsoft.AspNetCore.Http.Result.OkObjectResult) Writing value of type 'TestSessionDTO' as Json.
2025-05-23 09:29:41 +03:00 [INF] (Microsoft.AspNetCore.Routing.EndpointMiddleware) Executed endpoint 'HTTP: POST /api/session/start-test-session'
2025-05-23 09:29:41 +03:00 [INF] (Microsoft.AspNetCore.Hosting.Diagnostics) Request finished HTTP/2 POST https://localhost:7170/api/Session/start-test-session - 200 null application/json; charset=utf-8 21.2017ms
2025-05-23 09:29:44 +03:00 [INF] (Microsoft.AspNetCore.Hosting.Diagnostics) Request starting HTTP/2 OPTIONS https://localhost:7170/api/Session/submit-answer - null null
2025-05-23 09:29:44 +03:00 [INF] (Microsoft.AspNetCore.Cors.Infrastructure.CorsService) CORS policy execution successful.
2025-05-23 09:29:44 +03:00 [INF] (Microsoft.AspNetCore.Hosting.Diagnostics) Request finished HTTP/2 OPTIONS https://localhost:7170/api/Session/submit-answer - 204 null null 2.6932ms
2025-05-23 09:29:44 +03:00 [INF] (Microsoft.AspNetCore.Hosting.Diagnostics) Request starting HTTP/2 POST https://localhost:7170/api/Session/submit-answer - application/json; charset=utf-8 128
2025-05-23 09:29:44 +03:00 [INF] (Microsoft.AspNetCore.Cors.Infrastructure.CorsService) CORS policy execution successful.
2025-05-23 09:29:44 +03:00 [INF] (Microsoft.AspNetCore.Routing.EndpointMiddleware) Executing endpoint 'HTTP: POST /api/session/submit-answer'
2025-05-23 09:29:44 +03:00 [INF] (Emata.API.Endpoints.SessionEndPoint) Submitting answer for session 5d6a1cb5-e8db-4a38-aeb2-0486024ab45f, question 53f6a56b-e80b-4992-8168-0e14710e6c6d: 0
2025-05-23 09:29:44 +03:00 [INF] (Microsoft.EntityFrameworkCore.Database.Command) Executed DbCommand (4ms) [Parameters=[@__sessionId_0='?' (DbType = Guid)], CommandType='"Text"', CommandTimeout='30']
SELECT t0."Id", t0."IsCompleted", t0."StartTime", t0."UserAnswersJson", t1."Id", t1."OrderIndex", t1."QuestionId", t1."SessionId", t1."Id0", t1."Category", t1."CorrectOptionIndex", t1."DifficultyLevel", t1."Options", t1."Text"
FROM (
    SELECT t."Id", t."IsCompleted", t."StartTime", t."UserAnswersJson"
    FROM "TestSessions" AS t
    WHERE t."Id" = @__sessionId_0
    LIMIT 1
) AS t0
LEFT JOIN (
    SELECT t2."Id", t2."OrderIndex", t2."QuestionId", t2."SessionId", q."Id" AS "Id0", q."Category", q."CorrectOptionIndex", q."DifficultyLevel", q."Options", q."Text"
    FROM "TestSessionQuestions" AS t2
    INNER JOIN "Questions" AS q ON t2."QuestionId" = q."Id"
) AS t1 ON t0."Id" = t1."SessionId"
ORDER BY t0."Id", t1."Id"
2025-05-23 09:29:44 +03:00 [INF] (Microsoft.EntityFrameworkCore.Database.Command) Executed DbCommand (2ms) [Parameters=[@p1='?' (DbType = Guid), @p0='?'], CommandType='"Text"', CommandTimeout='30']
UPDATE "TestSessions" SET "UserAnswersJson" = @p0
WHERE "Id" = @p1;
2025-05-23 09:29:44 +03:00 [INF] (Emata.API.Services.TestSessionService) Answer submitted for session 5d6a1cb5-e8db-4a38-aeb2-0486024ab45f, question 53f6a56b-e80b-4992-8168-0e14710e6c6d: 0
2025-05-23 09:29:44 +03:00 [INF] (Microsoft.AspNetCore.Http.Result.OkObjectResult) Setting HTTP status code 200.
2025-05-23 09:29:44 +03:00 [INF] (Microsoft.AspNetCore.Routing.EndpointMiddleware) Executed endpoint 'HTTP: POST /api/session/submit-answer'
2025-05-23 09:29:44 +03:00 [INF] (Microsoft.AspNetCore.Hosting.Diagnostics) Request finished HTTP/2 POST https://localhost:7170/api/Session/submit-answer - 200 0 null 20.5666ms
2025-05-23 09:29:52 +03:00 [INF] (Microsoft.AspNetCore.Hosting.Diagnostics) Request starting HTTP/2 OPTIONS https://localhost:7170/api/Session/submit-answer - null null
2025-05-23 09:29:52 +03:00 [INF] (Microsoft.AspNetCore.Cors.Infrastructure.CorsService) CORS policy execution successful.
2025-05-23 09:29:52 +03:00 [INF] (Microsoft.AspNetCore.Hosting.Diagnostics) Request finished HTTP/2 OPTIONS https://localhost:7170/api/Session/submit-answer - 204 null null 2.4463ms
2025-05-23 09:29:52 +03:00 [INF] (Microsoft.AspNetCore.Hosting.Diagnostics) Request starting HTTP/2 POST https://localhost:7170/api/Session/submit-answer - application/json; charset=utf-8 128
2025-05-23 09:29:52 +03:00 [INF] (Microsoft.AspNetCore.Cors.Infrastructure.CorsService) CORS policy execution successful.
2025-05-23 09:29:52 +03:00 [INF] (Microsoft.AspNetCore.Routing.EndpointMiddleware) Executing endpoint 'HTTP: POST /api/session/submit-answer'
2025-05-23 09:29:52 +03:00 [INF] (Emata.API.Endpoints.SessionEndPoint) Submitting answer for session 5d6a1cb5-e8db-4a38-aeb2-0486024ab45f, question e0b423bf-d15f-4dee-b321-6eed79de9049: 4
2025-05-23 09:29:52 +03:00 [INF] (Microsoft.EntityFrameworkCore.Database.Command) Executed DbCommand (3ms) [Parameters=[@__sessionId_0='?' (DbType = Guid)], CommandType='"Text"', CommandTimeout='30']
SELECT t0."Id", t0."IsCompleted", t0."StartTime", t0."UserAnswersJson", t1."Id", t1."OrderIndex", t1."QuestionId", t1."SessionId", t1."Id0", t1."Category", t1."CorrectOptionIndex", t1."DifficultyLevel", t1."Options", t1."Text"
FROM (
    SELECT t."Id", t."IsCompleted", t."StartTime", t."UserAnswersJson"
    FROM "TestSessions" AS t
    WHERE t."Id" = @__sessionId_0
    LIMIT 1
) AS t0
LEFT JOIN (
    SELECT t2."Id", t2."OrderIndex", t2."QuestionId", t2."SessionId", q."Id" AS "Id0", q."Category", q."CorrectOptionIndex", q."DifficultyLevel", q."Options", q."Text"
    FROM "TestSessionQuestions" AS t2
    INNER JOIN "Questions" AS q ON t2."QuestionId" = q."Id"
) AS t1 ON t0."Id" = t1."SessionId"
ORDER BY t0."Id", t1."Id"
2025-05-23 09:29:52 +03:00 [INF] (Microsoft.EntityFrameworkCore.Database.Command) Executed DbCommand (4ms) [Parameters=[@p1='?' (DbType = Guid), @p0='?'], CommandType='"Text"', CommandTimeout='30']
UPDATE "TestSessions" SET "UserAnswersJson" = @p0
WHERE "Id" = @p1;
2025-05-23 09:29:52 +03:00 [INF] (Emata.API.Services.TestSessionService) Answer submitted for session 5d6a1cb5-e8db-4a38-aeb2-0486024ab45f, question e0b423bf-d15f-4dee-b321-6eed79de9049: 4
2025-05-23 09:29:52 +03:00 [INF] (Microsoft.AspNetCore.Http.Result.OkObjectResult) Setting HTTP status code 200.
2025-05-23 09:29:52 +03:00 [INF] (Microsoft.AspNetCore.Routing.EndpointMiddleware) Executed endpoint 'HTTP: POST /api/session/submit-answer'
2025-05-23 09:29:52 +03:00 [INF] (Microsoft.AspNetCore.Hosting.Diagnostics) Request finished HTTP/2 POST https://localhost:7170/api/Session/submit-answer - 200 0 null 19.3728ms
2025-05-23 09:30:00 +03:00 [INF] (Microsoft.AspNetCore.Hosting.Diagnostics) Request starting HTTP/2 OPTIONS https://localhost:7170/api/Session/submit-answer - null null
2025-05-23 09:30:00 +03:00 [INF] (Microsoft.AspNetCore.Cors.Infrastructure.CorsService) CORS policy execution successful.
2025-05-23 09:30:00 +03:00 [INF] (Microsoft.AspNetCore.Hosting.Diagnostics) Request finished HTTP/2 OPTIONS https://localhost:7170/api/Session/submit-answer - 204 null null 2.4262ms
2025-05-23 09:30:00 +03:00 [INF] (Microsoft.AspNetCore.Hosting.Diagnostics) Request starting HTTP/2 POST https://localhost:7170/api/Session/submit-answer - application/json; charset=utf-8 128
2025-05-23 09:30:00 +03:00 [INF] (Microsoft.AspNetCore.Cors.Infrastructure.CorsService) CORS policy execution successful.
2025-05-23 09:30:00 +03:00 [INF] (Microsoft.AspNetCore.Routing.EndpointMiddleware) Executing endpoint 'HTTP: POST /api/session/submit-answer'
2025-05-23 09:30:00 +03:00 [INF] (Emata.API.Endpoints.SessionEndPoint) Submitting answer for session 5d6a1cb5-e8db-4a38-aeb2-0486024ab45f, question cc4f86fe-9789-49fc-9fe5-ebf73485f315: 3
2025-05-23 09:30:00 +03:00 [INF] (Microsoft.EntityFrameworkCore.Database.Command) Executed DbCommand (2ms) [Parameters=[@__sessionId_0='?' (DbType = Guid)], CommandType='"Text"', CommandTimeout='30']
SELECT t0."Id", t0."IsCompleted", t0."StartTime", t0."UserAnswersJson", t1."Id", t1."OrderIndex", t1."QuestionId", t1."SessionId", t1."Id0", t1."Category", t1."CorrectOptionIndex", t1."DifficultyLevel", t1."Options", t1."Text"
FROM (
    SELECT t."Id", t."IsCompleted", t."StartTime", t."UserAnswersJson"
    FROM "TestSessions" AS t
    WHERE t."Id" = @__sessionId_0
    LIMIT 1
) AS t0
LEFT JOIN (
    SELECT t2."Id", t2."OrderIndex", t2."QuestionId", t2."SessionId", q."Id" AS "Id0", q."Category", q."CorrectOptionIndex", q."DifficultyLevel", q."Options", q."Text"
    FROM "TestSessionQuestions" AS t2
    INNER JOIN "Questions" AS q ON t2."QuestionId" = q."Id"
) AS t1 ON t0."Id" = t1."SessionId"
ORDER BY t0."Id", t1."Id"
2025-05-23 09:30:00 +03:00 [INF] (Microsoft.EntityFrameworkCore.Database.Command) Executed DbCommand (4ms) [Parameters=[@p1='?' (DbType = Guid), @p0='?'], CommandType='"Text"', CommandTimeout='30']
UPDATE "TestSessions" SET "UserAnswersJson" = @p0
WHERE "Id" = @p1;
2025-05-23 09:30:00 +03:00 [INF] (Emata.API.Services.TestSessionService) Answer submitted for session 5d6a1cb5-e8db-4a38-aeb2-0486024ab45f, question cc4f86fe-9789-49fc-9fe5-ebf73485f315: 3
2025-05-23 09:30:00 +03:00 [INF] (Microsoft.AspNetCore.Http.Result.OkObjectResult) Setting HTTP status code 200.
2025-05-23 09:30:00 +03:00 [INF] (Microsoft.AspNetCore.Routing.EndpointMiddleware) Executed endpoint 'HTTP: POST /api/session/submit-answer'
2025-05-23 09:30:00 +03:00 [INF] (Microsoft.AspNetCore.Hosting.Diagnostics) Request finished HTTP/2 POST https://localhost:7170/api/Session/submit-answer - 200 0 null 18.1927ms
2025-05-23 09:30:02 +03:00 [INF] (Microsoft.AspNetCore.Hosting.Diagnostics) Request starting HTTP/2 POST https://localhost:7170/api/Session/finish-test-session/5d6a1cb5-e8db-4a38-aeb2-0486024ab45f - null 0
2025-05-23 09:30:02 +03:00 [INF] (Microsoft.AspNetCore.Cors.Infrastructure.CorsService) CORS policy execution successful.
2025-05-23 09:30:02 +03:00 [INF] (Microsoft.AspNetCore.Routing.EndpointMiddleware) Executing endpoint 'HTTP: POST /api/session/finish-test-session/{sessionId}'
2025-05-23 09:30:02 +03:00 [INF] (Emata.API.Endpoints.SessionEndPoint) Finishing test session: 5d6a1cb5-e8db-4a38-aeb2-0486024ab45f
2025-05-23 09:30:02 +03:00 [INF] (Microsoft.EntityFrameworkCore.Database.Command) Executed DbCommand (2ms) [Parameters=[@__sessionId_0='?' (DbType = Guid)], CommandType='"Text"', CommandTimeout='30']
SELECT t."Id", t."CompletedAt", t."CorrectAnswers", t."SessionId", t."TimeTaken", t."TotalQuestions", t0."Id", t0."IsCompleted", t0."StartTime", t0."UserAnswersJson"
FROM "TestResults" AS t
INNER JOIN "TestSessions" AS t0 ON t."SessionId" = t0."Id"
WHERE t."SessionId" = @__sessionId_0
LIMIT 1
2025-05-23 09:30:02 +03:00 [INF] (Microsoft.EntityFrameworkCore.Database.Command) Executed DbCommand (2ms) [Parameters=[@__sessionId_0='?' (DbType = Guid)], CommandType='"Text"', CommandTimeout='30']
SELECT t0."Id", t0."IsCompleted", t0."StartTime", t0."UserAnswersJson", t1."Id", t1."OrderIndex", t1."QuestionId", t1."SessionId", t1."Id0", t1."Category", t1."CorrectOptionIndex", t1."DifficultyLevel", t1."Options", t1."Text"
FROM (
    SELECT t."Id", t."IsCompleted", t."StartTime", t."UserAnswersJson"
    FROM "TestSessions" AS t
    WHERE t."Id" = @__sessionId_0
    LIMIT 1
) AS t0
LEFT JOIN (
    SELECT t2."Id", t2."OrderIndex", t2."QuestionId", t2."SessionId", q."Id" AS "Id0", q."Category", q."CorrectOptionIndex", q."DifficultyLevel", q."Options", q."Text"
    FROM "TestSessionQuestions" AS t2
    INNER JOIN "Questions" AS q ON t2."QuestionId" = q."Id"
) AS t1 ON t0."Id" = t1."SessionId"
ORDER BY t0."Id", t1."Id"
2025-05-23 09:30:02 +03:00 [INF] (Microsoft.EntityFrameworkCore.Database.Command) Executed DbCommand (2ms) [Parameters=[@p0='?' (DbType = Guid), @p1='?' (DbType = DateTime), @p2='?' (DbType = Int32), @p3='?' (DbType = Guid), @p4='?' (DbType = Object), @p5='?' (DbType = Int32), @p7='?' (DbType = Guid), @p6='?' (DbType = Boolean)], CommandType='"Text"', CommandTimeout='30']
INSERT INTO "TestResults" ("Id", "CompletedAt", "CorrectAnswers", "SessionId", "TimeTaken", "TotalQuestions")
VALUES (@p0, @p1, @p2, @p3, @p4, @p5);
UPDATE "TestSessions" SET "IsCompleted" = @p6
WHERE "Id" = @p7;
2025-05-23 09:30:02 +03:00 [INF] (Emata.API.Services.TestSessionService) Test completed for session 5d6a1cb5-e8db-4a38-aeb2-0486024ab45f. Score: 66.67%, Time: 00:00:21.1140412
2025-05-23 09:30:02 +03:00 [INF] (Microsoft.AspNetCore.Http.Result.OkObjectResult) Setting HTTP status code 200.
2025-05-23 09:30:02 +03:00 [INF] (Microsoft.AspNetCore.Http.Result.OkObjectResult) Writing value of type 'TestResultDTO' as Json.
2025-05-23 09:30:02 +03:00 [INF] (Microsoft.AspNetCore.Routing.EndpointMiddleware) Executed endpoint 'HTTP: POST /api/session/finish-test-session/{sessionId}'
2025-05-23 09:30:02 +03:00 [INF] (Microsoft.AspNetCore.Hosting.Diagnostics) Request finished HTTP/2 POST https://localhost:7170/api/Session/finish-test-session/5d6a1cb5-e8db-4a38-aeb2-0486024ab45f - 200 null application/json; charset=utf-8 29.6607ms
2025-05-23 09:30:02 +03:00 [INF] (Microsoft.AspNetCore.Hosting.Diagnostics) Request starting HTTP/2 POST https://localhost:7170/api/Session/finish-test-session/5d6a1cb5-e8db-4a38-aeb2-0486024ab45f - null 0
2025-05-23 09:30:02 +03:00 [INF] (Microsoft.AspNetCore.Cors.Infrastructure.CorsService) CORS policy execution successful.
2025-05-23 09:30:02 +03:00 [INF] (Microsoft.AspNetCore.Routing.EndpointMiddleware) Executing endpoint 'HTTP: POST /api/session/finish-test-session/{sessionId}'
2025-05-23 09:30:02 +03:00 [INF] (Emata.API.Endpoints.SessionEndPoint) Finishing test session: 5d6a1cb5-e8db-4a38-aeb2-0486024ab45f
2025-05-23 09:30:02 +03:00 [INF] (Microsoft.EntityFrameworkCore.Database.Command) Executed DbCommand (2ms) [Parameters=[@__sessionId_0='?' (DbType = Guid)], CommandType='"Text"', CommandTimeout='30']
SELECT t."Id", t."CompletedAt", t."CorrectAnswers", t."SessionId", t."TimeTaken", t."TotalQuestions", t0."Id", t0."IsCompleted", t0."StartTime", t0."UserAnswersJson"
FROM "TestResults" AS t
INNER JOIN "TestSessions" AS t0 ON t."SessionId" = t0."Id"
WHERE t."SessionId" = @__sessionId_0
LIMIT 1
2025-05-23 09:30:02 +03:00 [INF] (Emata.API.Services.TestSessionService) Session 5d6a1cb5-e8db-4a38-aeb2-0486024ab45f already completed. Score: 66.67%
2025-05-23 09:30:02 +03:00 [INF] (Microsoft.AspNetCore.Http.Result.OkObjectResult) Setting HTTP status code 200.
2025-05-23 09:30:02 +03:00 [INF] (Microsoft.AspNetCore.Http.Result.OkObjectResult) Writing value of type 'TestResultDTO' as Json.
2025-05-23 09:30:02 +03:00 [INF] (Microsoft.AspNetCore.Routing.EndpointMiddleware) Executed endpoint 'HTTP: POST /api/session/finish-test-session/{sessionId}'
2025-05-23 09:30:02 +03:00 [INF] (Microsoft.AspNetCore.Hosting.Diagnostics) Request finished HTTP/2 POST https://localhost:7170/api/Session/finish-test-session/5d6a1cb5-e8db-4a38-aeb2-0486024ab45f - 200 null application/json; charset=utf-8 16.9205ms
2025-05-23 09:30:09 +03:00 [INF] (Microsoft.AspNetCore.Hosting.Diagnostics) Request starting HTTP/2 GET https://localhost:7170/api/Session/get-active-session - null null
2025-05-23 09:30:09 +03:00 [INF] (Microsoft.AspNetCore.Cors.Infrastructure.CorsService) CORS policy execution successful.
2025-05-23 09:30:09 +03:00 [INF] (Microsoft.AspNetCore.Routing.EndpointMiddleware) Executing endpoint 'HTTP: GET /api/session/get-active-session'
2025-05-23 09:30:09 +03:00 [INF] (Microsoft.EntityFrameworkCore.Database.Command) Executed DbCommand (2ms) [Parameters=[], CommandType='"Text"', CommandTimeout='30']
SELECT t."Id", t."IsCompleted", t."StartTime", t."UserAnswersJson"
FROM "TestSessions" AS t
WHERE NOT (t."IsCompleted")
2025-05-23 09:30:09 +03:00 [INF] (Microsoft.AspNetCore.Http.Result.OkObjectResult) Setting HTTP status code 200.
2025-05-23 09:30:09 +03:00 [INF] (Microsoft.AspNetCore.Http.Result.OkObjectResult) Writing value of type 'List`1' as Json.
2025-05-23 09:30:09 +03:00 [INF] (Microsoft.AspNetCore.Routing.EndpointMiddleware) Executed endpoint 'HTTP: GET /api/session/get-active-session'
2025-05-23 09:30:09 +03:00 [INF] (Microsoft.AspNetCore.Hosting.Diagnostics) Request finished HTTP/2 GET https://localhost:7170/api/Session/get-active-session - 200 null application/json; charset=utf-8 43.1026ms
2025-05-23 09:30:13 +03:00 [INF] (Microsoft.AspNetCore.Hosting.Diagnostics) Request starting HTTP/2 POST https://localhost:7170/api/Session/start-test-session - null 0
2025-05-23 09:30:13 +03:00 [INF] (Microsoft.AspNetCore.Cors.Infrastructure.CorsService) CORS policy execution successful.
2025-05-23 09:30:13 +03:00 [INF] (Microsoft.AspNetCore.Routing.EndpointMiddleware) Executing endpoint 'HTTP: POST /api/session/start-test-session'
2025-05-23 09:30:13 +03:00 [INF] (Microsoft.EntityFrameworkCore.Database.Command) Executed DbCommand (2ms) [Parameters=[], CommandType='"Text"', CommandTimeout='30']
SELECT q."Id", q."Category", q."CorrectOptionIndex", q."DifficultyLevel", q."Options", q."Text"
FROM "Questions" AS q
ORDER BY q."Id"
2025-05-23 09:30:13 +03:00 [INF] (Microsoft.EntityFrameworkCore.Database.Command) Executed DbCommand (3ms) [Parameters=[@p0='?' (DbType = Guid), @p1='?' (DbType = Boolean), @p2='?' (DbType = DateTime), @p3='?', @p4='?' (DbType = Guid), @p5='?' (DbType = Int32), @p6='?' (DbType = Guid), @p7='?' (DbType = Guid), @p8='?' (DbType = Guid), @p9='?' (DbType = Int32), @p10='?' (DbType = Guid), @p11='?' (DbType = Guid), @p12='?' (DbType = Guid), @p13='?' (DbType = Int32), @p14='?' (DbType = Guid), @p15='?' (DbType = Guid)], CommandType='"Text"', CommandTimeout='30']
INSERT INTO "TestSessions" ("Id", "IsCompleted", "StartTime", "UserAnswersJson")
VALUES (@p0, @p1, @p2, @p3);
INSERT INTO "TestSessionQuestions" ("Id", "OrderIndex", "QuestionId", "SessionId")
VALUES (@p4, @p5, @p6, @p7);
INSERT INTO "TestSessionQuestions" ("Id", "OrderIndex", "QuestionId", "SessionId")
VALUES (@p8, @p9, @p10, @p11);
INSERT INTO "TestSessionQuestions" ("Id", "OrderIndex", "QuestionId", "SessionId")
VALUES (@p12, @p13, @p14, @p15);
2025-05-23 09:30:13 +03:00 [INF] (Emata.API.Services.TestSessionService) Created new test session: 8a22787e-a309-4ee6-9e5b-eda342b48891
2025-05-23 09:30:13 +03:00 [INF] (Emata.API.Endpoints.SessionEndPoint) Starting new test session: 8a22787e-a309-4ee6-9e5b-eda342b48891
2025-05-23 09:30:13 +03:00 [INF] (Microsoft.AspNetCore.Http.Result.OkObjectResult) Setting HTTP status code 200.
2025-05-23 09:30:13 +03:00 [INF] (Microsoft.AspNetCore.Http.Result.OkObjectResult) Writing value of type 'TestSessionDTO' as Json.
2025-05-23 09:30:13 +03:00 [INF] (Microsoft.AspNetCore.Routing.EndpointMiddleware) Executed endpoint 'HTTP: POST /api/session/start-test-session'
2025-05-23 09:30:13 +03:00 [INF] (Microsoft.AspNetCore.Hosting.Diagnostics) Request finished HTTP/2 POST https://localhost:7170/api/Session/start-test-session - 200 null application/json; charset=utf-8 26.4151ms
2025-05-23 09:30:16 +03:00 [INF] (Microsoft.AspNetCore.Hosting.Diagnostics) Request starting HTTP/2 GET https://localhost:7170/api/Session/get-active-session - null null
2025-05-23 09:30:16 +03:00 [INF] (Microsoft.AspNetCore.Cors.Infrastructure.CorsService) CORS policy execution successful.
2025-05-23 09:30:16 +03:00 [INF] (Microsoft.AspNetCore.Routing.EndpointMiddleware) Executing endpoint 'HTTP: GET /api/session/get-active-session'
2025-05-23 09:30:16 +03:00 [INF] (Microsoft.EntityFrameworkCore.Database.Command) Executed DbCommand (1ms) [Parameters=[], CommandType='"Text"', CommandTimeout='30']
SELECT t."Id", t."IsCompleted", t."StartTime", t."UserAnswersJson"
FROM "TestSessions" AS t
WHERE NOT (t."IsCompleted")
2025-05-23 09:30:16 +03:00 [INF] (Microsoft.AspNetCore.Http.Result.OkObjectResult) Setting HTTP status code 200.
2025-05-23 09:30:16 +03:00 [INF] (Microsoft.AspNetCore.Http.Result.OkObjectResult) Writing value of type 'List`1' as Json.
2025-05-23 09:30:16 +03:00 [INF] (Microsoft.AspNetCore.Routing.EndpointMiddleware) Executed endpoint 'HTTP: GET /api/session/get-active-session'
2025-05-23 09:30:16 +03:00 [INF] (Microsoft.AspNetCore.Hosting.Diagnostics) Request finished HTTP/2 GET https://localhost:7170/api/Session/get-active-session - 200 null application/json; charset=utf-8 7.3647ms
2025-05-23 09:30:21 +03:00 [INF] (Microsoft.AspNetCore.Hosting.Diagnostics) Request starting HTTP/2 GET https://localhost:7170/api/Session/get-session/8a22787e-a309-4ee6-9e5b-eda342b48891 - null null
2025-05-23 09:30:21 +03:00 [INF] (Microsoft.AspNetCore.Cors.Infrastructure.CorsService) CORS policy execution successful.
2025-05-23 09:30:21 +03:00 [INF] (Microsoft.AspNetCore.Routing.EndpointMiddleware) Executing endpoint 'HTTP: GET /api/session/get-session/{sessionId}'
2025-05-23 09:30:21 +03:00 [INF] (Microsoft.EntityFrameworkCore.Database.Command) Executed DbCommand (2ms) [Parameters=[@__sessionId_0='?' (DbType = Guid)], CommandType='"Text"', CommandTimeout='30']
SELECT t0."Id", t0."IsCompleted", t0."StartTime", t0."UserAnswersJson", t1."Id", t1."OrderIndex", t1."QuestionId", t1."SessionId", t1."Id0", t1."Category", t1."CorrectOptionIndex", t1."DifficultyLevel", t1."Options", t1."Text"
FROM (
    SELECT t."Id", t."IsCompleted", t."StartTime", t."UserAnswersJson"
    FROM "TestSessions" AS t
    WHERE t."Id" = @__sessionId_0
    LIMIT 1
) AS t0
LEFT JOIN (
    SELECT t2."Id", t2."OrderIndex", t2."QuestionId", t2."SessionId", q."Id" AS "Id0", q."Category", q."CorrectOptionIndex", q."DifficultyLevel", q."Options", q."Text"
    FROM "TestSessionQuestions" AS t2
    INNER JOIN "Questions" AS q ON t2."QuestionId" = q."Id"
) AS t1 ON t0."Id" = t1."SessionId"
ORDER BY t0."Id", t1."Id"
2025-05-23 09:30:21 +03:00 [INF] (Microsoft.AspNetCore.Http.Result.OkObjectResult) Setting HTTP status code 200.
2025-05-23 09:30:21 +03:00 [INF] (Microsoft.AspNetCore.Http.Result.OkObjectResult) Writing value of type 'TestSessionDTO' as Json.
2025-05-23 09:30:21 +03:00 [INF] (Microsoft.AspNetCore.Routing.EndpointMiddleware) Executed endpoint 'HTTP: GET /api/session/get-session/{sessionId}'
2025-05-23 09:30:21 +03:00 [INF] (Microsoft.AspNetCore.Hosting.Diagnostics) Request finished HTTP/2 GET https://localhost:7170/api/Session/get-session/8a22787e-a309-4ee6-9e5b-eda342b48891 - 200 null application/json; charset=utf-8 12.6242ms
2025-05-23 09:30:24 +03:00 [INF] (Microsoft.AspNetCore.Hosting.Diagnostics) Request starting HTTP/2 OPTIONS https://localhost:7170/api/Session/submit-answer - null null
2025-05-23 09:30:24 +03:00 [INF] (Microsoft.AspNetCore.Cors.Infrastructure.CorsService) CORS policy execution successful.
2025-05-23 09:30:24 +03:00 [INF] (Microsoft.AspNetCore.Hosting.Diagnostics) Request finished HTTP/2 OPTIONS https://localhost:7170/api/Session/submit-answer - 204 null null 2.2816ms
2025-05-23 09:30:24 +03:00 [INF] (Microsoft.AspNetCore.Hosting.Diagnostics) Request starting HTTP/2 POST https://localhost:7170/api/Session/submit-answer - application/json; charset=utf-8 128
2025-05-23 09:30:24 +03:00 [INF] (Microsoft.AspNetCore.Cors.Infrastructure.CorsService) CORS policy execution successful.
2025-05-23 09:30:24 +03:00 [INF] (Microsoft.AspNetCore.Routing.EndpointMiddleware) Executing endpoint 'HTTP: POST /api/session/submit-answer'
2025-05-23 09:30:24 +03:00 [INF] (Emata.API.Endpoints.SessionEndPoint) Submitting answer for session 8a22787e-a309-4ee6-9e5b-eda342b48891, question b31f62f5-bba8-4582-b19b-1400d90efbdd: 0
2025-05-23 09:30:24 +03:00 [INF] (Microsoft.EntityFrameworkCore.Database.Command) Executed DbCommand (2ms) [Parameters=[@__sessionId_0='?' (DbType = Guid)], CommandType='"Text"', CommandTimeout='30']
SELECT t0."Id", t0."IsCompleted", t0."StartTime", t0."UserAnswersJson", t1."Id", t1."OrderIndex", t1."QuestionId", t1."SessionId", t1."Id0", t1."Category", t1."CorrectOptionIndex", t1."DifficultyLevel", t1."Options", t1."Text"
FROM (
    SELECT t."Id", t."IsCompleted", t."StartTime", t."UserAnswersJson"
    FROM "TestSessions" AS t
    WHERE t."Id" = @__sessionId_0
    LIMIT 1
) AS t0
LEFT JOIN (
    SELECT t2."Id", t2."OrderIndex", t2."QuestionId", t2."SessionId", q."Id" AS "Id0", q."Category", q."CorrectOptionIndex", q."DifficultyLevel", q."Options", q."Text"
    FROM "TestSessionQuestions" AS t2
    INNER JOIN "Questions" AS q ON t2."QuestionId" = q."Id"
) AS t1 ON t0."Id" = t1."SessionId"
ORDER BY t0."Id", t1."Id"
2025-05-23 09:30:24 +03:00 [INF] (Microsoft.EntityFrameworkCore.Database.Command) Executed DbCommand (4ms) [Parameters=[@p1='?' (DbType = Guid), @p0='?'], CommandType='"Text"', CommandTimeout='30']
UPDATE "TestSessions" SET "UserAnswersJson" = @p0
WHERE "Id" = @p1;
2025-05-23 09:30:24 +03:00 [INF] (Emata.API.Services.TestSessionService) Answer submitted for session 8a22787e-a309-4ee6-9e5b-eda342b48891, question b31f62f5-bba8-4582-b19b-1400d90efbdd: 0
2025-05-23 09:30:24 +03:00 [INF] (Microsoft.AspNetCore.Http.Result.OkObjectResult) Setting HTTP status code 200.
2025-05-23 09:30:24 +03:00 [INF] (Microsoft.AspNetCore.Routing.EndpointMiddleware) Executed endpoint 'HTTP: POST /api/session/submit-answer'
2025-05-23 09:30:24 +03:00 [INF] (Microsoft.AspNetCore.Hosting.Diagnostics) Request finished HTTP/2 POST https://localhost:7170/api/Session/submit-answer - 200 0 null 18.598ms
2025-05-23 09:30:27 +03:00 [INF] (Microsoft.AspNetCore.Hosting.Diagnostics) Request starting HTTP/2 POST https://localhost:7170/api/Session/submit-answer - application/json; charset=utf-8 128
2025-05-23 09:30:27 +03:00 [INF] (Microsoft.AspNetCore.Cors.Infrastructure.CorsService) CORS policy execution successful.
2025-05-23 09:30:27 +03:00 [INF] (Microsoft.AspNetCore.Routing.EndpointMiddleware) Executing endpoint 'HTTP: POST /api/session/submit-answer'
2025-05-23 09:30:27 +03:00 [INF] (Emata.API.Endpoints.SessionEndPoint) Submitting answer for session 8a22787e-a309-4ee6-9e5b-eda342b48891, question 3a049314-b09a-411d-ba3d-b71a989444d6: 2
2025-05-23 09:30:27 +03:00 [INF] (Microsoft.EntityFrameworkCore.Database.Command) Executed DbCommand (3ms) [Parameters=[@__sessionId_0='?' (DbType = Guid)], CommandType='"Text"', CommandTimeout='30']
SELECT t0."Id", t0."IsCompleted", t0."StartTime", t0."UserAnswersJson", t1."Id", t1."OrderIndex", t1."QuestionId", t1."SessionId", t1."Id0", t1."Category", t1."CorrectOptionIndex", t1."DifficultyLevel", t1."Options", t1."Text"
FROM (
    SELECT t."Id", t."IsCompleted", t."StartTime", t."UserAnswersJson"
    FROM "TestSessions" AS t
    WHERE t."Id" = @__sessionId_0
    LIMIT 1
) AS t0
LEFT JOIN (
    SELECT t2."Id", t2."OrderIndex", t2."QuestionId", t2."SessionId", q."Id" AS "Id0", q."Category", q."CorrectOptionIndex", q."DifficultyLevel", q."Options", q."Text"
    FROM "TestSessionQuestions" AS t2
    INNER JOIN "Questions" AS q ON t2."QuestionId" = q."Id"
) AS t1 ON t0."Id" = t1."SessionId"
ORDER BY t0."Id", t1."Id"
2025-05-23 09:30:27 +03:00 [INF] (Microsoft.EntityFrameworkCore.Database.Command) Executed DbCommand (5ms) [Parameters=[@p1='?' (DbType = Guid), @p0='?'], CommandType='"Text"', CommandTimeout='30']
UPDATE "TestSessions" SET "UserAnswersJson" = @p0
WHERE "Id" = @p1;
2025-05-23 09:30:27 +03:00 [INF] (Emata.API.Services.TestSessionService) Answer submitted for session 8a22787e-a309-4ee6-9e5b-eda342b48891, question 3a049314-b09a-411d-ba3d-b71a989444d6: 2
2025-05-23 09:30:27 +03:00 [INF] (Microsoft.AspNetCore.Http.Result.OkObjectResult) Setting HTTP status code 200.
2025-05-23 09:30:27 +03:00 [INF] (Microsoft.AspNetCore.Routing.EndpointMiddleware) Executed endpoint 'HTTP: POST /api/session/submit-answer'
2025-05-23 09:30:27 +03:00 [INF] (Microsoft.AspNetCore.Hosting.Diagnostics) Request finished HTTP/2 POST https://localhost:7170/api/Session/submit-answer - 200 0 null 24.0855ms
2025-05-23 09:30:31 +03:00 [INF] (Microsoft.AspNetCore.Hosting.Diagnostics) Request starting HTTP/2 OPTIONS https://localhost:7170/api/Session/submit-answer - null null
2025-05-23 09:30:31 +03:00 [INF] (Microsoft.AspNetCore.Cors.Infrastructure.CorsService) CORS policy execution successful.
2025-05-23 09:30:31 +03:00 [INF] (Microsoft.AspNetCore.Hosting.Diagnostics) Request finished HTTP/2 OPTIONS https://localhost:7170/api/Session/submit-answer - 204 null null 2.1049ms
2025-05-23 09:30:31 +03:00 [INF] (Microsoft.AspNetCore.Hosting.Diagnostics) Request starting HTTP/2 POST https://localhost:7170/api/Session/submit-answer - application/json; charset=utf-8 128
2025-05-23 09:30:31 +03:00 [INF] (Microsoft.AspNetCore.Cors.Infrastructure.CorsService) CORS policy execution successful.
2025-05-23 09:30:31 +03:00 [INF] (Microsoft.AspNetCore.Routing.EndpointMiddleware) Executing endpoint 'HTTP: POST /api/session/submit-answer'
2025-05-23 09:30:31 +03:00 [INF] (Emata.API.Endpoints.SessionEndPoint) Submitting answer for session 8a22787e-a309-4ee6-9e5b-eda342b48891, question 2d9dd2d0-25ce-47b4-9a2c-c6adb9024b61: 1
2025-05-23 09:30:31 +03:00 [INF] (Microsoft.EntityFrameworkCore.Database.Command) Executed DbCommand (3ms) [Parameters=[@__sessionId_0='?' (DbType = Guid)], CommandType='"Text"', CommandTimeout='30']
SELECT t0."Id", t0."IsCompleted", t0."StartTime", t0."UserAnswersJson", t1."Id", t1."OrderIndex", t1."QuestionId", t1."SessionId", t1."Id0", t1."Category", t1."CorrectOptionIndex", t1."DifficultyLevel", t1."Options", t1."Text"
FROM (
    SELECT t."Id", t."IsCompleted", t."StartTime", t."UserAnswersJson"
    FROM "TestSessions" AS t
    WHERE t."Id" = @__sessionId_0
    LIMIT 1
) AS t0
LEFT JOIN (
    SELECT t2."Id", t2."OrderIndex", t2."QuestionId", t2."SessionId", q."Id" AS "Id0", q."Category", q."CorrectOptionIndex", q."DifficultyLevel", q."Options", q."Text"
    FROM "TestSessionQuestions" AS t2
    INNER JOIN "Questions" AS q ON t2."QuestionId" = q."Id"
) AS t1 ON t0."Id" = t1."SessionId"
ORDER BY t0."Id", t1."Id"
2025-05-23 09:30:31 +03:00 [INF] (Microsoft.EntityFrameworkCore.Database.Command) Executed DbCommand (4ms) [Parameters=[@p1='?' (DbType = Guid), @p0='?'], CommandType='"Text"', CommandTimeout='30']
UPDATE "TestSessions" SET "UserAnswersJson" = @p0
WHERE "Id" = @p1;
2025-05-23 09:30:31 +03:00 [INF] (Emata.API.Services.TestSessionService) Answer submitted for session 8a22787e-a309-4ee6-9e5b-eda342b48891, question 2d9dd2d0-25ce-47b4-9a2c-c6adb9024b61: 1
2025-05-23 09:30:31 +03:00 [INF] (Microsoft.AspNetCore.Http.Result.OkObjectResult) Setting HTTP status code 200.
2025-05-23 09:30:31 +03:00 [INF] (Microsoft.AspNetCore.Routing.EndpointMiddleware) Executed endpoint 'HTTP: POST /api/session/submit-answer'
2025-05-23 09:30:31 +03:00 [INF] (Microsoft.AspNetCore.Hosting.Diagnostics) Request finished HTTP/2 POST https://localhost:7170/api/Session/submit-answer - 200 0 null 20.8403ms
2025-05-23 09:30:33 +03:00 [INF] (Microsoft.AspNetCore.Hosting.Diagnostics) Request starting HTTP/2 POST https://localhost:7170/api/Session/finish-test-session/8a22787e-a309-4ee6-9e5b-eda342b48891 - null 0
2025-05-23 09:30:33 +03:00 [INF] (Microsoft.AspNetCore.Cors.Infrastructure.CorsService) CORS policy execution successful.
2025-05-23 09:30:33 +03:00 [INF] (Microsoft.AspNetCore.Routing.EndpointMiddleware) Executing endpoint 'HTTP: POST /api/session/finish-test-session/{sessionId}'
2025-05-23 09:30:33 +03:00 [INF] (Emata.API.Endpoints.SessionEndPoint) Finishing test session: 8a22787e-a309-4ee6-9e5b-eda342b48891
2025-05-23 09:30:33 +03:00 [INF] (Microsoft.EntityFrameworkCore.Database.Command) Executed DbCommand (2ms) [Parameters=[@__sessionId_0='?' (DbType = Guid)], CommandType='"Text"', CommandTimeout='30']
SELECT t."Id", t."CompletedAt", t."CorrectAnswers", t."SessionId", t."TimeTaken", t."TotalQuestions", t0."Id", t0."IsCompleted", t0."StartTime", t0."UserAnswersJson"
FROM "TestResults" AS t
INNER JOIN "TestSessions" AS t0 ON t."SessionId" = t0."Id"
WHERE t."SessionId" = @__sessionId_0
LIMIT 1
2025-05-23 09:30:33 +03:00 [INF] (Microsoft.EntityFrameworkCore.Database.Command) Executed DbCommand (2ms) [Parameters=[@__sessionId_0='?' (DbType = Guid)], CommandType='"Text"', CommandTimeout='30']
SELECT t0."Id", t0."IsCompleted", t0."StartTime", t0."UserAnswersJson", t1."Id", t1."OrderIndex", t1."QuestionId", t1."SessionId", t1."Id0", t1."Category", t1."CorrectOptionIndex", t1."DifficultyLevel", t1."Options", t1."Text"
FROM (
    SELECT t."Id", t."IsCompleted", t."StartTime", t."UserAnswersJson"
    FROM "TestSessions" AS t
    WHERE t."Id" = @__sessionId_0
    LIMIT 1
) AS t0
LEFT JOIN (
    SELECT t2."Id", t2."OrderIndex", t2."QuestionId", t2."SessionId", q."Id" AS "Id0", q."Category", q."CorrectOptionIndex", q."DifficultyLevel", q."Options", q."Text"
    FROM "TestSessionQuestions" AS t2
    INNER JOIN "Questions" AS q ON t2."QuestionId" = q."Id"
) AS t1 ON t0."Id" = t1."SessionId"
ORDER BY t0."Id", t1."Id"
2025-05-23 09:30:33 +03:00 [INF] (Microsoft.EntityFrameworkCore.Database.Command) Executed DbCommand (2ms) [Parameters=[@p0='?' (DbType = Guid), @p1='?' (DbType = DateTime), @p2='?' (DbType = Int32), @p3='?' (DbType = Guid), @p4='?' (DbType = Object), @p5='?' (DbType = Int32), @p7='?' (DbType = Guid), @p6='?' (DbType = Boolean)], CommandType='"Text"', CommandTimeout='30']
INSERT INTO "TestResults" ("Id", "CompletedAt", "CorrectAnswers", "SessionId", "TimeTaken", "TotalQuestions")
VALUES (@p0, @p1, @p2, @p3, @p4, @p5);
UPDATE "TestSessions" SET "IsCompleted" = @p6
WHERE "Id" = @p7;
2025-05-23 09:30:33 +03:00 [INF] (Emata.API.Services.TestSessionService) Test completed for session 8a22787e-a309-4ee6-9e5b-eda342b48891. Score: 33.33%, Time: 00:00:19.4570645
2025-05-23 09:30:33 +03:00 [INF] (Microsoft.AspNetCore.Http.Result.OkObjectResult) Setting HTTP status code 200.
2025-05-23 09:30:33 +03:00 [INF] (Microsoft.AspNetCore.Http.Result.OkObjectResult) Writing value of type 'TestResultDTO' as Json.
2025-05-23 09:30:33 +03:00 [INF] (Microsoft.AspNetCore.Routing.EndpointMiddleware) Executed endpoint 'HTTP: POST /api/session/finish-test-session/{sessionId}'
2025-05-23 09:30:33 +03:00 [INF] (Microsoft.AspNetCore.Hosting.Diagnostics) Request finished HTTP/2 POST https://localhost:7170/api/Session/finish-test-session/8a22787e-a309-4ee6-9e5b-eda342b48891 - 200 null application/json; charset=utf-8 23.425ms
2025-05-23 09:30:33 +03:00 [INF] (Microsoft.AspNetCore.Hosting.Diagnostics) Request starting HTTP/2 POST https://localhost:7170/api/Session/finish-test-session/8a22787e-a309-4ee6-9e5b-eda342b48891 - null 0
2025-05-23 09:30:33 +03:00 [INF] (Microsoft.AspNetCore.Cors.Infrastructure.CorsService) CORS policy execution successful.
2025-05-23 09:30:33 +03:00 [INF] (Microsoft.AspNetCore.Routing.EndpointMiddleware) Executing endpoint 'HTTP: POST /api/session/finish-test-session/{sessionId}'
2025-05-23 09:30:33 +03:00 [INF] (Emata.API.Endpoints.SessionEndPoint) Finishing test session: 8a22787e-a309-4ee6-9e5b-eda342b48891
2025-05-23 09:30:33 +03:00 [INF] (Microsoft.EntityFrameworkCore.Database.Command) Executed DbCommand (1ms) [Parameters=[@__sessionId_0='?' (DbType = Guid)], CommandType='"Text"', CommandTimeout='30']
SELECT t."Id", t."CompletedAt", t."CorrectAnswers", t."SessionId", t."TimeTaken", t."TotalQuestions", t0."Id", t0."IsCompleted", t0."StartTime", t0."UserAnswersJson"
FROM "TestResults" AS t
INNER JOIN "TestSessions" AS t0 ON t."SessionId" = t0."Id"
WHERE t."SessionId" = @__sessionId_0
LIMIT 1
2025-05-23 09:30:33 +03:00 [INF] (Emata.API.Services.TestSessionService) Session 8a22787e-a309-4ee6-9e5b-eda342b48891 already completed. Score: 33.33%
2025-05-23 09:30:33 +03:00 [INF] (Microsoft.AspNetCore.Http.Result.OkObjectResult) Setting HTTP status code 200.
2025-05-23 09:30:33 +03:00 [INF] (Microsoft.AspNetCore.Http.Result.OkObjectResult) Writing value of type 'TestResultDTO' as Json.
2025-05-23 09:30:33 +03:00 [INF] (Microsoft.AspNetCore.Routing.EndpointMiddleware) Executed endpoint 'HTTP: POST /api/session/finish-test-session/{sessionId}'
2025-05-23 09:30:33 +03:00 [INF] (Microsoft.AspNetCore.Hosting.Diagnostics) Request finished HTTP/2 POST https://localhost:7170/api/Session/finish-test-session/8a22787e-a309-4ee6-9e5b-eda342b48891 - 200 null application/json; charset=utf-8 9.0635ms
2025-05-23 09:42:55 +03:00 [INF] (Microsoft.AspNetCore.DataProtection.KeyManagement.XmlKeyManager) User profile is available. Using 'C:\Users\hwokwera\AppData\Local\ASP.NET\DataProtection-Keys' as key repository and Windows DPAPI to encrypt keys at rest.
2025-05-23 09:42:55 +03:00 [INF] (Microsoft.Hosting.Lifetime) Now listening on: http://localhost:5099
2025-05-23 09:42:55 +03:00 [INF] (Microsoft.Hosting.Lifetime) Application started. Press Ctrl+C to shut down.
2025-05-23 09:42:55 +03:00 [INF] (Microsoft.Hosting.Lifetime) Hosting environment: Development
2025-05-23 09:42:55 +03:00 [INF] (Microsoft.Hosting.Lifetime) Content root path: D:\system\core\Emata\Emata.API
2025-05-23 09:43:17 +03:00 [INF] (Microsoft.AspNetCore.Hosting.Diagnostics) Request starting HTTP/1.1 GET http://localhost:5099/ - null null
2025-05-23 09:43:18 +03:00 [WRN] (Microsoft.AspNetCore.HttpsPolicy.HttpsRedirectionMiddleware) Failed to determine the https port for redirect.
2025-05-23 09:43:18 +03:00 [INF] (Microsoft.AspNetCore.Hosting.Diagnostics) Request finished HTTP/1.1 GET http://localhost:5099/ - 404 0 null 131.0157ms
2025-05-23 09:43:18 +03:00 [INF] (Microsoft.AspNetCore.Hosting.Diagnostics) Request reached the end of the middleware pipeline without being handled by application code. Request path: GET http://localhost:5099/, Response status code: 404
2025-05-23 09:43:37 +03:00 [INF] (Microsoft.AspNetCore.Hosting.Diagnostics) Request starting HTTP/1.1 GET http://localhost:5099/swagger - null null
2025-05-23 09:43:37 +03:00 [INF] (Microsoft.AspNetCore.Hosting.Diagnostics) Request finished HTTP/1.1 GET http://localhost:5099/swagger - 302 0 null 8.0389ms
2025-05-23 09:43:37 +03:00 [INF] (Microsoft.AspNetCore.Hosting.Diagnostics) Request starting HTTP/1.1 GET http://localhost:5099/swagger/index.html - null null
2025-05-23 09:43:37 +03:00 [INF] (Microsoft.AspNetCore.Hosting.Diagnostics) Request finished HTTP/1.1 GET http://localhost:5099/swagger/index.html - 200 null text/html; charset=utf-8 226.5917ms
2025-05-23 09:43:37 +03:00 [INF] (Microsoft.AspNetCore.Hosting.Diagnostics) Request starting HTTP/1.1 GET http://localhost:5099/swagger/swagger-ui.css - null null
2025-05-23 09:43:37 +03:00 [INF] (Microsoft.AspNetCore.Hosting.Diagnostics) Request starting HTTP/1.1 GET http://localhost:5099/swagger/swagger-ui-bundle.js - null null
2025-05-23 09:43:37 +03:00 [INF] (Microsoft.AspNetCore.Hosting.Diagnostics) Request starting HTTP/1.1 GET http://localhost:5099/swagger/index.css - null null
2025-05-23 09:43:37 +03:00 [INF] (Microsoft.AspNetCore.Hosting.Diagnostics) Request starting HTTP/1.1 GET http://localhost:5099/swagger/swagger-ui-standalone-preset.js - null null
2025-05-23 09:43:37 +03:00 [INF] (Microsoft.AspNetCore.StaticFiles.StaticFileMiddleware) Sending file. Request path: '/index.css'. Physical path: 'N/A'
2025-05-23 09:43:37 +03:00 [INF] (Microsoft.AspNetCore.Hosting.Diagnostics) Request finished HTTP/1.1 GET http://localhost:5099/swagger/index.css - 200 218 text/css 9.5891ms
2025-05-23 09:43:37 +03:00 [INF] (Microsoft.AspNetCore.StaticFiles.StaticFileMiddleware) Sending file. Request path: '/swagger-ui.css'. Physical path: 'N/A'
2025-05-23 09:43:37 +03:00 [INF] (Microsoft.AspNetCore.StaticFiles.StaticFileMiddleware) Sending file. Request path: '/swagger-ui-standalone-preset.js'. Physical path: 'N/A'
2025-05-23 09:43:37 +03:00 [INF] (Microsoft.AspNetCore.Hosting.Diagnostics) Request finished HTTP/1.1 GET http://localhost:5099/swagger/swagger-ui-standalone-preset.js - 200 230294 text/javascript 17.1262ms
2025-05-23 09:43:37 +03:00 [INF] (Microsoft.AspNetCore.Hosting.Diagnostics) Request finished HTTP/1.1 GET http://localhost:5099/swagger/swagger-ui.css - 200 152073 text/css 22.3931ms
2025-05-23 09:43:37 +03:00 [INF] (Microsoft.AspNetCore.StaticFiles.StaticFileMiddleware) Sending file. Request path: '/swagger-ui-bundle.js'. Physical path: 'N/A'
2025-05-23 09:43:37 +03:00 [INF] (Microsoft.AspNetCore.Hosting.Diagnostics) Request finished HTTP/1.1 GET http://localhost:5099/swagger/swagger-ui-bundle.js - 200 1452754 text/javascript 26.7273ms
2025-05-23 09:43:37 +03:00 [INF] (Microsoft.AspNetCore.Hosting.Diagnostics) Request starting HTTP/1.1 GET http://localhost:5099/swagger/v1/swagger.json - null null
2025-05-23 09:43:37 +03:00 [INF] (Microsoft.AspNetCore.Mvc.Infrastructure.DefaultActionDescriptorCollectionProvider) No action descriptors found. This may indicate an incorrectly configured application or missing application parts. To learn more, visit https://aka.ms/aspnet/mvc/app-parts
2025-05-23 09:43:37 +03:00 [INF] (Microsoft.AspNetCore.Hosting.Diagnostics) Request starting HTTP/1.1 GET http://localhost:5099/swagger/favicon-32x32.png - null null
2025-05-23 09:43:37 +03:00 [INF] (Microsoft.AspNetCore.StaticFiles.StaticFileMiddleware) Sending file. Request path: '/favicon-32x32.png'. Physical path: 'N/A'
2025-05-23 09:43:37 +03:00 [INF] (Microsoft.AspNetCore.Hosting.Diagnostics) Request finished HTTP/1.1 GET http://localhost:5099/swagger/favicon-32x32.png - 200 628 image/png 1.3272ms
2025-05-23 09:43:38 +03:00 [INF] (Microsoft.AspNetCore.Hosting.Diagnostics) Request finished HTTP/1.1 GET http://localhost:5099/swagger/v1/swagger.json - 200 null application/json; charset=utf-8 734.6072ms
